bsp.c:12:6:BSP_LED_Init	8	static
bsp.c:42:6:BSP_LED_On	8	static
bsp.c:51:6:BSP_LED_Off	8	static
bsp.c:58:6:BSP_LED_Toggle	8	static
bsp.c:68:6:BSP_PB_Init	8	static
bsp.c:88:9:BSP_PB_GetState	16	static
bsp.c:105:6:BSP_LED_Init_PB3	8	static
bsp.c:143:6:BSP_LED_On_PB3	8	static
bsp.c:152:6:BSP_LED_Off_PB3	8	static
bsp.c:159:6:BSP_LED_Toggle_PB3	8	static
bsp.c:179:6:BSP_Console_Init	8	static
bsp.c:246:6:BSP_PA7_Init	8	static
bsp.c:261:9:BSP_PA7_GetState	16	static
bsp.c:281:6:BSP_ADC_Init	8	static
bsp.c:349:6:BSP_TIMER_Timebase_Init	8	static
bsp.c:382:6:BSP_TIMER_IC_Init	8	static
bsp.c:425:6:BSP_PWM_Init	8	static
bsp.c:451:6:BSP_PWM_com	32	static
bsp.c:463:6:BSP_DAC_Init	8	static
bsp.c:486:6:BSP_I2C1_Init	8	static
bsp.c:519:6:BSP_DBG_Pins_Init	8	static
bsp.c:533:9:BSP_I2C1_Read	32	static
