core_cm0.h:623:22:__NVIC_EnableIRQ	16	static
core_cm0.h:730:22:__NVIC_SetPriority	24	static
bsp.c:12:6:BSP_LED_Init	8	static
bsp.c:42:6:BSP_LED_On	8	static
bsp.c:51:6:BSP_LED_Off	8	static
bsp.c:58:6:BSP_LED_Toggle	8	static
bsp.c:68:6:BSP_PB_Init	8	static
bsp.c:88:9:BSP_PB_GetState	16	static
bsp.c:105:6:BSP_LED_Init_PB3	8	static
bsp.c:143:6:BSP_LED_On_PB3	8	static
bsp.c:152:6:BSP_LED_Off_PB3	8	static
bsp.c:159:6:BSP_LED_Toggle_PB3	8	static
bsp.c:182:6:BSP_Console_Init	8	static
bsp.c:280:6:BSP_PA7_Init	8	static
bsp.c:295:9:BSP_PA7_GetState	16	static
bsp.c:315:6:BSP_ADC_Init	8	static
bsp.c:372:6:BSP_TIMER_Timebase_Init	8	static
bsp.c:407:6:BSP_TIMER_IC_Init	8	static
bsp.c:455:6:BSP_PB_IT_Init	8	static
bsp.c:483:6:BSP_NVIC_Init	8	static
bsp.c:505:6:BSP_DAC_Init	8	static
